Lecture des listes de paquets...
Construction de l'arbre des dépendances...
Lecture des informations d'état...
Les paquets suivants seront mis à jour :
  gnupg gpgv
2 mis à jour, 0 nouvellement installés, 0 à enlever et 0 non mis à jour.
Il est nécessaire de prendre 2 180 ko dans les archives.
Après cette opération, 375 ko d'espace disque supplémentaires seront utilisés.
Réception de : 1 http://security.debian.org/ wheezy/updates/main gpgv amd64 1.4.12-7+deb7u4 [227 kB]
Réception de : 2 http://security.debian.org/ wheezy/updates/main gnupg amd64 1.4.12-7+deb7u4 [1 954 kB]
2 180 ko réceptionnés en 9s (230 ko/s)
Téléchargement achevé et dans le mode téléchargement uniquement
