Lecture des listes de paquets...
Construction de l'arbre des dépendances...
Lecture des informations d'état...
Les paquets suivants seront mis à jour :
  gnupg gpgv
2 mis à jour, 0 nouvellement installés, 0 à enlever et 0 non mis à jour.
Il est nécessaire de prendre 0 o/2 180 ko dans les archives.
Après cette opération, 375 ko d'espace disque supplémentaires seront utilisés.
Souhaitez-vous continuer [O/n] ? 